<html>
<body>
<pre>
<h1>µVision Build Log</h1>
<h2>Tool Versions:</h2>
IDE-Version: ¶ÃVision V5.24.2.0
Copyright (C) 2017 ARM Ltd and ARM Germany GmbH. All rights reserved.
License Information: ’≈ ∆Ê, 6, LIC=ZB4EI-TL0TF-Z9WG9-4JVXP-KZDPU-I1W4S
 
Tool Versions:
Toolchain:       MDK-ARM Plus  Version: 5.24.1
Toolchain Path:  D:\stm+keil5\ARM\ARMCC\Bin
C Compiler:      Armcc.exe V5.06 update 5 (build 528)
Assembler:       Armasm.exe V5.06 update 5 (build 528)
Linker/Locator:  ArmLink.exe V5.06 update 5 (build 528)
Library Manager: ArmAr.exe V5.06 update 5 (build 528)
Hex Converter:   FromElf.exe V5.06 update 5 (build 528)
CPU DLL:         SARMCM3.DLL V5.24.1
Dialog DLL:      DCM.DLL V1.16.0.0
Target DLL:      STLink\ST-LINKIII-KEIL_SWO.dll V3.0.1.0
Dialog DLL:      TCM.DLL V1.32.0.0
 
<h2>Project:</h2>
E:\work_project\projet.uvprojx
Project File Date:  07/10/2025

<h2>Output:</h2>
*** Using Compiler 'V5.06 update 5 (build 528)', folder: 'D:\stm+keil5\ARM\ARMCC\Bin'
Build target 'Target 1'
compiling main.c...
.\Hardware\Timer.h(7): warning:  #1295-D: Deprecated declaration Timer_Init_TIM1 - give arg types
  void Timer_Init_TIM1();
.\Hardware\Timer.h(8): warning:  #1295-D: Deprecated declaration Timer_Init_TIM4 - give arg types
  void Timer_Init_TIM4();
.\Hardware\Button.h(22): warning:  #1295-D: Deprecated declaration Button_Init - give arg types
  void Button_Init();
.\Hardware\Button.h(23): warning:  #1295-D: Deprecated declaration Button_updated - give arg types
  void Button_updated();
User\main.c(17): warning:  #1295-D: Deprecated declaration init - give arg types
  void init();
User\main.c(80): warning:  #1-D: last line of file ends without a newline
  }
User\main.c: 6 warnings, 0 errors
linking...
Program Size: Code=13442 RO-data=2342 RW-data=100 ZI-data=1732  
After Build - User command #1: fromelf --bin -o ".\bin_file\projet.bin" "E:\work_project\Objects\projet.axf"
".\Objects\projet.axf" - 0 Error(s), 6 Warning(s).

<h2>Software Packages used:</h2>

Package Vendor: Keil
                http://www.keil.com/pack/Keil.STM32F1xx_DFP.2.2.0.pack
                Keil.STM32F1xx_DFP.2.2.0
                STMicroelectronics STM32F1 Series Device Support, Drivers and Examples

<h2>Collection of Component include folders:</h2>
  .\RTE\_Target_1
  D:\stm+keil5\ARM\PACK\Keil\STM32F1xx_DFP\2.2.0\Device\Include

<h2>Collection of Component Files used:</h2>
Build Time Elapsed:  00:00:01
</pre>
</body>
</html>
